    Finished `test` profile [unoptimized + debuginfo] target(s) in 0.50s
     Running unittests src/lib.rs (target/debug/deps/nes_ai-e952f04713ea7700)

running 1 test
test profiles::smb::tests::decode_signed_byte_handles_twos_complement_values ... ok

test result: ok. 1 passed; 0 failed; 0 ignored; 0 measured; 0 filtered out; finished in 0.00s

     Running unittests src/bin/eval_smb_control.rs (target/debug/deps/eval_smb_control-624477b747f98c72)

running 1 test
test tests::build_summary_table_formats_average_return_and_artifacts ... ok

test result: ok. 1 passed; 0 failed; 0 ignored; 0 measured; 0 filtered out; finished in 0.00s

     Running unittests src/bin/prepare_smb_control.rs (target/debug/deps/prepare_smb_control-95f110da719f6e93)

running 1 test
test tests::build_success_table_formats_hash_and_path ... ok

test result: ok. 1 passed; 0 failed; 0 ignored; 0 measured; 0 filtered out; finished in 0.00s

     Running unittests src/bin/train_smb_control.rs (target/debug/deps/train_smb_control-5365670c8701260f)

running 1 test
test tests::build_summary_table_formats_metrics ... ok

test result: ok. 1 passed; 0 failed; 0 ignored; 0 measured; 0 filtered out; finished in 0.00s

     Running tests/action_space.rs (target/debug/deps/action_space-236cb04006da3ae6)

running 1 test
test action_ids_map_to_expected_controller_masks ... ok

test result: ok. 1 passed; 0 failed; 0 ignored; 0 measured; 0 filtered out; finished in 0.00s

     Running tests/env_determinism.rs (target/debug/deps/env_determinism-28b5ce7886ac39cc)

running 8 tests
test from_config_rejects_observation_dims_below_model_minimum ... ok
test any_control_env_dispatches_smb_configs ... ok
test from_config_rejects_rom_hash_mismatch ... ok
test profile_env_applies_stall_penalty_when_no_progress_made ... ok
test profile_env_resets_stall_penalty_when_progress_increases ... ok
test reset_and_replayed_action_sequence_are_deterministic ... ok
test env_exposes_tensor_ready_observation_and_stops_at_frame_budget ... ok
test profile_env_step_sets_done_when_budget_done ... ok

test result: ok. 8 passed; 0 failed; 0 ignored; 0 measured; 0 filtered out; finished in 0.36s

     Running tests/episode_artifacts.rs (target/debug/deps/episode_artifacts-0d3ee6d2e0c0ebd0)

running 2 tests
test episode_writer_rejects_path_like_prefixes ... ok
test episode_writer_emits_metadata_and_tas_json ... ok

test result: ok. 2 passed; 0 failed; 0 ignored; 0 measured; 0 filtered out; finished in 0.00s

     Running tests/eval_cli.rs (target/debug/deps/eval_cli-9f1556a9a6be7cf6)

running 2 tests
test eval_smb_control_without_required_arguments_prints_usage_and_fails ... ok
test eval_smb_control_with_help_flag_prints_usage_and_succeeds ... ok

test result: ok. 2 passed; 0 failed; 0 ignored; 0 measured; 0 filtered out; finished in 0.01s

     Running tests/model_contract.rs (target/debug/deps/model_contract-26661d169cb34157)

running 4 tests
test policy_value_model_rejects_too_small_observation_width - should panic ... ok
test policy_value_model_rejects_zero_frame_stack - should panic ... ok
test policy_value_model_supports_nondefault_observation_sizes ... ok
test policy_value_model_emits_expected_output_shapes ... ok

test result: ok. 4 passed; 0 failed; 0 ignored; 0 measured; 0 filtered out; finished in 0.62s

     Running tests/observation_contract.rs (target/debug/deps/observation_contract-16d0738dfba8582d)

running 2 tests
test frame_stack_retains_only_recent_frames ... ok
test grayscale_downsample_outputs_expected_shape_and_unit_range ... ok

test result: ok. 2 passed; 0 failed; 0 ignored; 0 measured; 0 filtered out; finished in 0.00s

     Running tests/prepare_cli.rs (target/debug/deps/prepare_cli-4b36ad3129a9b805)

running 4 tests
test prepare_smb_control_invalid_rom_permissions_prints_styled_error ... ok
test prepare_smb_control_missing_rom_prints_styled_error ... ok
test prepare_smb_control_without_required_arguments_prints_usage_and_fails ... ok
test prepare_smb_control_with_help_flag_prints_usage_and_succeeds ... ok

test result: ok. 4 passed; 0 failed; 0 ignored; 0 measured; 0 filtered out; finished in 0.01s

     Running tests/profile_config.rs (target/debug/deps/profile_config-d020ebbd98fb74dc)

running 7 tests
test profile_config_parses_expected_control_defaults ... ok
test profile_config_parses_explicit_game_id ... ok
test profile_config_rejects_too_small_observation_width ... ok
test profile_config_rejects_too_small_observation_height ... ok
test profile_config_rejects_zero_frame_stack ... ok
test profile_config_rejects_unknown_game_id ... ok
test profile_config_rejects_zero_observation_width ... ok

test result: ok. 7 passed; 0 failed; 0 ignored; 0 measured; 0 filtered out; finished in 0.00s

     Running tests/reward_contract.rs (target/debug/deps/reward_contract-39b7c5117d971644)

running 1 test
test forward_progress_beats_stall_and_death_is_terminal ... ok

test result: ok. 1 passed; 0 failed; 0 ignored; 0 measured; 0 filtered out; finished in 0.00s

     Running tests/smb_control_integration.rs (target/debug/deps/smb_control_integration-1cec9705d513f625)

running 2 tests
test smb_control_profile_can_reset_and_gain_forward_reward ... ignored, requires local SMB ROM and generated control snapshot
test smb_control_training_stack_can_emit_checkpoint_and_eval_artifacts ... ignored, requires local SMB ROM and generated control snapshot

test result: ok. 0 passed; 0 failed; 2 ignored; 0 measured; 0 filtered out; finished in 0.00s

     Running tests/snapshot_bundle.rs (target/debug/deps/snapshot_bundle-ca7d9fe674ff98bb)

running 2 tests
test snapshot_bundle_round_trip_preserves_rom_hash_and_snapshot ... ok
test snapshot_bundle_writes_to_cwd_relative_path ... ok

test result: ok. 2 passed; 0 failed; 0 ignored; 0 measured; 0 filtered out; finished in 0.02s

     Running tests/train_cli.rs (target/debug/deps/train_cli-77712f32021b18f0)

running 2 tests
test train_smb_control_without_required_arguments_prints_usage_and_fails ... ok
test train_smb_control_with_help_flag_prints_usage_and_succeeds ... ok

test result: ok. 2 passed; 0 failed; 0 ignored; 0 measured; 0 filtered out; finished in 0.01s

     Running tests/trainer_smoke.rs (target/debug/deps/trainer_smoke-9bf7adb49a5d402f)

running 9 tests
test action_parser_maps_known_labels ... ok
test action_parser_rejects_unknown_labels ... ok
test generic_profile_evaluator_dispatches_smb_configs ... ok
test ppo_smoke_return_changes_with_training_budget ... ok
test ppo_smoke_produces_positive_finite_return ... ok
test trainer_rejects_zero_episode_requests ... ok
test ppo_smoke_returned_checkpoint_base_round_trips_through_burn_load_file ... ok
test ppo_smoke_returns_checkpoint_base_paths ... ok
test ppo_smoke_writes_checkpoints_and_eval_artifacts ... ok

test result: ok. 9 passed; 0 failed; 0 ignored; 0 measured; 0 filtered out; finished in 56.15s

     Running unittests src/lib.rs (target/debug/deps/nes_config-f61bef9cc4fabd4d)

running 15 tests
test tests::load_or_default_uses_provided_path_when_present ... ok
test tests::load_rejects_unknown_top_level_field ... ok
test tests::load_returns_error_for_missing_file ... ok
test tests::load_reads_non_default_values_from_file ... ok
test tests::load_rejects_unknown_nested_field ... ok
test tests::load_returns_underlying_error_for_non_not_found_io_errors ... ok
test tests::normalize_nonzero_helpers_use_fallback_only_for_zero ... ok
test tests::parse_config_path_arg_last_flag_wins_and_preserves_other_args ... ok
test tests::parse_config_path_arg_rejects_empty_equals_value ... ok
test tests::parse_config_path_arg_rejects_flag_as_split_value ... ok
test tests::parse_config_path_arg_rejects_missing_value ... ok
test tests::parse_config_path_arg_supports_equals_flag ... ok
test tests::parse_config_path_loop_terminates ... ok
test tests::parse_config_path_arg_supports_split_flag ... ok
test tests::time_machine_config_has_sane_defaults ... ok

test result: ok. 15 passed; 0 failed; 0 ignored; 0 measured; 0 filtered out; finished in 0.00s

     Running unittests src/lib.rs (target/debug/deps/nes_core-0c2f2eb0568b882a)

running 212 tests
test api::tests::core_query_returns_expected_variants ... ok
test api::tests::command_release_button_clears_controller_bit ... ok
test api::tests::set_speed_returns_error_on_zero ... ok
test api::tests::command_power_cycle_resets_speed_to_default ... ok
test api::tests::should_call_on_ppu_dot_for_mmc3 ... ok
test api::tests::should_ignore_sync_chr_ram_for_unsupported_mappers ... ok
test api::tests::should_ignore_on_ppu_dot_for_unsupported_mappers ... ok
test api::tests::should_return_chr_window_for_cnrom ... ok
test api::tests::should_return_chr_window_for_gxrom ... ok
test api::tests::should_return_chr_window_for_mmc3 ... ok
test api::tests::should_return_chr_writable_for_cnrom ... ok
test api::tests::should_return_chr_writable_for_gxrom ... ok
test api::tests::should_return_chr_writable_for_mmc3 ... ok
test api::tests::should_return_correct_bit_mask_for_all_buttons ... ok
test api::tests::should_return_correct_index_for_players ... ok
test api::tests::should_return_false_for_chr_writable_unsupported_mappers ... ok
test api::tests::should_return_false_for_irq_pending_unsupported_mappers ... ok
test api::tests::should_return_irq_pending_for_mmc3 ... ok
test api::tests::should_return_mirroring_override_for_mmc3 ... ok
test api::tests::should_return_none_for_chr_window_unsupported_mappers ... ok
test api::tests::should_return_mirroring_override_for_axrom ... ok
test api::tests::should_return_none_for_mirroring_override_unsupported_mappers ... ok
test api::tests::should_return_none_mirroring_override_for_nrom ... ok
test api::tests::should_return_true_for_irq_pending_when_mmc3_has_irq ... ok
test api::tests::should_sync_chr_ram_for_cnrom ... ok
test api::tests::should_sync_chr_ram_from_ppu_window_for_mmc3 ... ok
test api::tests::test_core_error_display ... ok
test api::tests::should_sync_chr_ram_for_gxrom ... ok
test api::tests::test_cheat_code_hash_component ... ok
test api::tests::test_core_query_fps_and_frame ... ok
test api::tests::test_nescore_default ... ok
test api::tests::test_core_snapshot_mapper_delta ... ok
test api::tests::test_mapper_hash_components ... ok
test apu::tests::dmc_timer_uses_exact_period_cycles ... ok
test apu::tests::dmc_request_does_not_consume_sample_until_loaded ... ok
test api::tests_rom_loader_internal::test_build_mapper_unsupported_prg_layouts ... ok
test apu::tests::noise_control_write_does_not_restart_envelope ... ok
test apu::tests::pulse_control_write_does_not_restart_envelope ... ok
test bmp::tests::encode_bmp_produces_expected_headers_and_pixel_order ... ok
test bmp::tests::encode_bmp_multiplies_row_and_column_indices_for_bottom_up_bgr_layout ... ok
test bmp::tests::encode_bmp_uses_expected_padding_for_odd_row_widths ... ok
test bmp::tests::encode_bmp_returns_error_on_buffer_length_mismatch ... ok
test bmp::tests::encode_bmp_uses_expected_padding_for_width_3 ... ok
test bus::tests::bus_region_is_legal ... ok
test bus::tests::map_region_boundaries ... ok
test bus::tests::map_region_returns_correct_region ... ok
test cheat_codes::tests::cheat_code_accessors_return_correct_values ... ok
test cheat_codes::tests::cheat_code_decodes_value_bits_correctly ... ok
test cheat_codes::tests::cheat_code_error_formatting ... ok
test cheat_codes::tests::cheat_code_decodes_address_bits_correctly ... ok
test cheat_codes::tests::cheat_code_applies_to_logic ... ok
test cheat_codes::tests::cheat_code_parser_fails_with_invalid_characters ... ok
test cheat_codes::tests::cheat_code_parser_ignores_whitespace_and_hyphens ... ok
test cheat_codes::tests::invalid_cheat_codes_return_errors ... ok
test cpu::engine::tests::cpu_snapshot_roundtrips_work_ram ... ok
test cpu::engine::tests_format::format_trace_covers_padding_paths ... ok
test cpu::status::tests::bits_for_php_preserves_other_flags_and_forces_unused_and_break_set ... ok
test cpu::status::tests::bits_for_stack_push_preserves_other_flags_and_forces_unused_set_and_break_clear ... ok
test cpu::status::tests::construct_with_bits_retains_value ... ok
test cpu::status::tests::default_status_is_empty ... ok
test cpu::status::tests::individual_flags_can_be_set_and_cleared ... ok
test cpu::status::tests::stack_push_pull_semantics ... ok
test cpu::status::tests::update_bit_test_sets_flags_correctly ... ok
test cpu::status::tests::update_compare_sets_flags_correctly ... ok
test cpu::status::tests::update_zn_sets_flags_based_on_value ... ok
test experimental::audio_exporter::tests::can_clear_samples ... ok
test experimental::audio_exporter::tests::can_export_wav_file ... ok
test experimental::cheat_finder::tests::test_cheat_finder_neq_and_unchanged ... ok
test experimental::cheat_finder::tests::test_cheat_finder ... ok
test experimental::execution_graph::tests::should_record_transitions_and_export_dot ... ok
test experimental::hotspot_profiler::tests::hotspot_profiler_clears_counts ... ok
test experimental::hitbox_visualizer::tests::test_hitbox_visualizer_modifies_framebuffer ... ok
test experimental::hotspot_profiler::tests::hotspot_profiler_returns_top_hotspots ... ok
test experimental::hotspot_profiler::tests::hotspot_profiler_tracks_counts ... ok
test experimental::memory_heatmap::tests::should_initialize_heatmap_with_provided_parameters ... ok
test experimental::event_tracker::tests::test_event_tracker ... ok
test experimental::memory_visualizer::tests::can_dump_memory_bmp ... ok
test experimental::memory_heatmap::tests::heatmap_covers_color_bands_and_dummy_reads ... ok
test experimental::nametable_viewer::tests::test_horizontal_mirroring ... ok
test experimental::oam_spatial_query::tests::test_oam_spatial_query ... ok
test experimental::oam_spatial_query::tests::test_oam_sprite_overlaps ... ok
test experimental::nametable_viewer::tests::test_vertical_mirroring ... ok
test experimental::memory_heatmap::tests::heatmap_records_and_decays ... ok
test experimental::ppu_visualizer::tests::extract_nametables_with_scroll_returns_bmp ... ok
test experimental::ppu_visualizer::tests::extract_pattern_table_returns_bmp ... ok
test experimental::ram_entropy::tests::ram_entropy_uniform_is_eight ... ok
test experimental::spatial_bot::tests::test_spatial_bot_evaluation ... ok
test experimental::ram_entropy::tests::ram_entropy_static_is_zero ... ok
test experimental::nametable_viewer::tests::test_one_screen_mirroring ... ok
test experimental::ram_entropy::tests::ram_entropy_top_volatile_sorting ... ok
test experimental::theme_filter::tests::gameboy_theme_uses_specific_palette ... ok
test experimental::theme_filter::tests::ignores_invalid_framebuffer ... ok
test experimental::theme_filter::tests::grayscale_theme_converts_rgb_to_equal_values ... ok
test experimental::theme_filter::tests::sepia_theme_modifies_colors ... ok
test experimental::theme_filter::tests::virtualboy_theme_leaves_only_red_channel ... ok
test mapper::axrom::tests::axrom_mirroring_reflects_selected_nametable_bank ... ok
test mapper::axrom::tests::axrom_state_can_be_restored ... ok
test experimental::sprite_extractor::tests::can_extract_sprite_sheet ... ok
test mapper::cnrom::tests::cnrom_chr_ram_is_writable_and_syncs_from_ppu ... ok
test mapper::cnrom::tests::cnrom_chr_rom_is_not_writable ... ok
test mapper::cnrom::tests::cnrom_prg_offset_for_empty_prg_rom_returns_zero ... ok
test mapper::cnrom::tests::cnrom_from_prg_chr_pads_chr_rom_with_remainder ... ok
test mapper::gxrom::tests::gxrom_from_prg_chr_exact_32k ... ok
test mapper::cnrom::tests::cnrom_state_can_be_restored ... ok
test mapper::gxrom::tests::gxrom_from_prg_chr_pads_chr ... ok
test mapper::gxrom::tests::gxrom_from_prg_chr_pads_empty_prg ... ok
test mapper::gxrom::tests::gxrom_from_prg_chr_pads_partial_bank ... ok
test mapper::gxrom::tests::gxrom_read_and_write_prg ... ok
test mapper::gxrom::tests::gxrom_from_prg_chr_pads_short_prg ... ok
test mapper::gxrom::tests::should_not_sync_chr_ram_when_not_writable ... ok
test mapper::gxrom::tests::should_restore_state ... ok
test mapper::gxrom::tests::should_sync_chr_ram_when_writable ... ok
test mapper::mmc1::tests::mmc1_commit_to_prg_bank_updates_selected_bank ... ok
test mapper::mmc1::tests::mmc1_commit_to_unhandled_range_does_not_panic ... ok
test mapper::mmc1::tests::mmc1_from_prg_rom_initializes_correctly ... ok
test mapper::mmc1::tests::mmc1_from_prg_rom_pads_partial_bank_and_reads_without_panic ... ok
test mapper::mmc1::tests::mmc1_from_prg_rom_preserves_large_bank_count_without_u8_wrap ... ok
test mapper::mmc1::tests::mmc1_prg_mode_2_fixes_first_bank_and_switches_second ... ok
test mapper::mmc1::tests::mmc1_prg_mode_0_and_1_switch_32kb_banks ... ok
test mapper::mmc1::tests::mmc1_prg_mode_3_switches_first_bank_and_fixes_last ... ok
test mapper::mmc1::tests::mmc1_shift_is_reset_handles_partial_reset ... ok
test mapper::mmc1::tests::mmc1_reset_shift_clears_count_and_sets_bit4 ... ok
test mapper::mmc1::tests::mmc1_shift_register_accumulates_bits_and_commits_on_fifth_write ... ok
test mapper::mmc1::tests::mmc1_write_prg_with_bit7_set_preserves_other_control_bits ... ok
test mapper::mmc1::tests::mmc1_write_prg_with_bit7_set_resets_shift_and_updates_control ... ok
test mapper::mmc1::tests::state_and_restore_state_round_trip ... ok
test mapper::mmc3::more_tests::mmc3_mirroring_toggles_between_vertical_and_horizontal ... ok
test mapper::mmc3::more_tests::mmc3_prg_ram_protect_is_ignored ... ok
test mapper::mmc3::more_tests::mmc3_write_e000_disables_irq ... ok
test mapper::mmc3::tests::from_prg_chr_short_inputs_do_not_panic_on_reads ... ok
test mapper::mmc3::tests::mmc3_c001_clears_counter_for_mmc3c_behavior ... ok
test mapper::mmc3::tests::mmc3_from_prg_chr_pads_short_roms_to_minimum ... ok
test mapper::mmc3::tests::mmc3_from_prg_chr_pads_unaligned_roms ... ok
test mapper::mmc3::tests::mmc3_irq_does_not_clock_when_bg_and_sprites_share_pattern_table_in_8x8_mode ... ok
test mapper::mmc3::tests::mmc3_irq_uses_previous_scanline_phase_when_bg_uses_high_table ... ok
test mapper::mmc3::tests::mmc3_mirroring_writes_update_nametable_mirroring ... ok
test mapper::mmc3::tests::mmc3_write_e001_enables_irq ... ok
test mapper::mmc3::tests::new_initializes_banks_and_fills_memory ... ok
test mapper::mmc3::tests::prg_bank_for_slot_prg_mode_true ... ok
test experimental::zone_tracker::tests::test_zone_tracker_entry_events ... ok
test mapper::mmc3::tests::state_and_restore_state_round_trip ... ok
test mapper::mmc3::tests::sync_chr_ram_with_chr_inversion ... ok
test mapper::mmc3::tests::sync_chr_ram_returns_early_when_not_writable ... ok
test mapper::nrom::tests::test_nrom_from_prg_rom_exact_16k ... ok
test mapper::mmc3::tests::write_prg_unmapped_address ... ok
test mapper::nrom::tests::test_nrom_from_prg_rom_exact_32k ... ok
test mapper::nrom::tests::test_nrom_from_prg_rom_truncate ... ok
test mapper::nrom::tests::test_nrom_read_prg ... ok
test mapper::nrom::tests::test_nrom_write_prg ... ok
test mapper::uxrom::tests::uxrom_from_prg_rom_exact_bank ... ok
test mapper::uxrom::tests::uxrom_from_prg_rom_pads_partial_bank ... ok
test mapper::uxrom::tests::uxrom_read_prg_resolves_via_mapper_trait ... ok
test mapper::uxrom::tests::uxrom_state_can_be_restored ... ok
test ppm::tests::encode_ppm_emits_expected_headers_and_pixel_layout ... ok
test ppm::tests::encode_ppm_returns_error_on_buffer_length_mismatch ... ok
test ppu::tests::chr_window_change_after_sprite_prefetch_keeps_next_scanline_sprite_tiles ... ok
test ppu::tests::chr_window_change_before_sprite_prefetch_updates_next_scanline_sprite_tiles ... ok
test ppu::tests::dot_257_reloads_horizontal_scroll_from_temp_addr ... ok
test ppu::tests::chr_window_change_mid_sprite_prefetch_splits_next_scanline_sprite_banks ... ok
test ppu::tests::hblank_ppuaddr_change_is_visible_on_next_scanline_start ... ok
test ppu::tests::hblank_chr_window_change_is_visible_on_next_scanline_start ... ok
test ppu::tests::hblank_ppuctrl_write_preserves_split_vertical_scroll ... ok
test ppu::tests::late_visible_ppuaddr_change_that_matures_in_hblank_hits_next_scanline_start ... ok
test ppu::tests::nametable_mirroring_maps_addresses ... ok
test ppu::tests::one_screen_lower_mirroring_maps_all_tables_to_first_page ... ok
test ppu::tests::one_screen_upper_mirroring_maps_all_tables_to_second_page ... ok
test ppu::tests::only_first_eight_sprites_render_on_a_scanline ... ok
test ppu::tests::ppuaddr_write_during_hblank_targets_next_scanline ... ok
test ppu::tests::ppuaddr_write_during_vblank_does_not_update_scroll ... ok
test ppu::tests::ppuaddr_write_during_visible_scanline_updates_scroll ... ok
test ppu::tests::pre_render_scroll_y_ff_wraps_back_to_row_zero_on_second_visible_scanline ... ok
test ppu::tests::restore_position_is_derived_from_cycle_in_frame ... ok
test ppu::tests::restore_rerender_falls_back_to_live_scroll_before_first_vblank_capture ... ok
test ppu::tests::sprite_overflow_stays_latched_until_pre_render_clear_when_sprites_disabled ... ok
test ppu::tests::visible_dot_background_cache_invalidates_after_pattern_write ... ok
test ppu::tests::vblank_edges_are_dot_exact ... ok
test ppu::tests::visible_ppuaddr_split_write_advances_vertical_vram_at_dot_256 ... ok
test ppu::tests::visible_dot_sprite_cache_invalidates_after_oam_write ... ok
test ppu::tests::visible_scanline_chr_window_change_is_delayed_until_prefetch_boundary ... ok
test ppu::tests::visible_scanline_ppuaddr_change_is_delayed_until_prefetch_boundary ... ok
test ppu::tests::restore_rerender_uses_vblank_captured_y_scroll ... ok
test rom::tests::test_parse_ines_four_screen_mirroring ... ok
test rom::tests::test_parse_ines_ines_console_type_is_rejected ... ok
test rom::tests::test_parse_ines_exactly_16_bytes_missing_prg ... ok
test rom::tests::test_parse_ines_invalid_magic ... ok
test rom::tests::test_parse_ines_mirroring ... ok
test rom::tests::test_parse_ines_missing_prg ... ok
test rom::tests::test_parse_ines_nes2_console_type_is_rejected ... ok
test rom::tests::test_parse_ines_nes2_extended_mapper ... ok
test rom::tests::test_parse_ines_nes2_mapper_id ... ok
test rom::tests::test_parse_ines_nes2_prg_chr_msb ... ok
test rom::tests::test_parse_ines_nes2_size_encoding ... ok
test rom::tests::test_parse_ines_nes2_submapper_is_rejected ... ok
test rom::tests::test_parse_ines_trainer ... ok
test rom::tests::test_parse_ines_truncated_body ... ok
test rom::tests::test_parse_ines_truncated_header ... ok
test ppu::tests::odd_frame_shortens_by_one_dot_when_rendering_enabled ... ok
test rom::tests::test_rom_error_display ... ok
test scheduler::tests::restore_near_wrap_then_step_advances_and_wraps ... ok
test scheduler::tests::should_reset_scheduler_counters ... ok
test scheduler::tests::should_return_correct_default_scheduler ... ok
test scheduler::tests::should_save_and_restore_scheduler_snapshot ... ok
test scheduler::tests::test_cpu_ppu_apu_getters ... ok
test scheduler::tests::wrap_behavior_preserves_phase_instead_of_saturating ... ok
test serde_array::tests::test_deserialize_invalid_length ... ok
test serde_array::tests::test_expected_length_formatting ... ok
test serde_array::tests::test_serialize_deserialize_u8_array ... ok
test tas::tests::test_tas_movie_push_run_coalescing ... ok
test tas::tests_mutants::test_tas_frame_run_new ... ok
test tas::tests_mutants::test_tas_recorder_methods ... ok
test tas::tests_mutants::test_tas_movie_methods ... ok
test rom::havoc_fuzz_tests::havoc_fuzz_ines_parse ... ok

test result: ok. 212 passed; 0 failed; 0 ignored; 0 measured; 0 filtered out; finished in 13.50s

     Running tests/apu_hardware_fidelity.rs (target/debug/deps/apu_hardware_fidelity-202cf3dca1aa6bd1)

running 5 tests
test mode5_write_clocks_quarter_and_half_immediately ... ok
test pulse1_negate_sweep_uses_extra_subtract_step ... ok
test pulse_sweep_updates_timer_reload_on_half_frame_tick ... ok
test frame_irq_clears_on_status_read ... ok
test pulse2_triangle_noise_writes_change_mixed_output ... ok

test result: ok. 5 passed; 0 failed; 0 ignored; 0 measured; 0 filtered out; finished in 0.01s

     Running tests/audio_contract.rs (target/debug/deps/audio_contract-41a2a6d2299a9ec3)

running 4 tests
test audio_chunk_has_expected_sample_geometry ... ok
test audio_chunk_is_reset_deterministic ... ok
test audio_chunk_is_input_invariant_without_channel_state_changes ... ok
test audio_chunk_stays_well_formed_under_long_run ... ok

test result: ok. 4 passed; 0 failed; 0 ignored; 0 measured; 0 filtered out; finished in 14.66s

     Running tests/bus_map.rs (target/debug/deps/bus_map-8820083c0d22d0ee)

running 1 test
test address_regions_are_unambiguous ... ok

test result: ok. 1 passed; 0 failed; 0 ignored; 0 measured; 0 filtered out; finished in 0.00s

     Running tests/bus_map_prop.rs (target/debug/deps/bus_map_prop-626e921dee65a5e1)

running 1 test
test every_address_maps_to_legal_region ... ok

test result: ok. 1 passed; 0 failed; 0 ignored; 0 measured; 0 filtered out; finished in 0.00s

     Running tests/cheat_codes.rs (target/debug/deps/cheat_codes-18fae01fc4860824)

running 6 tests
test cheat_code_decodes_six_letter_codes ... ok
test cheat_code_rejects_invalid_codes ... ok
test cheat_code_decodes_eight_letter_codes_with_compare ... ok
test state_hash_differentiates_cheat_code_variations ... ok
test cheat_codes_override_nrom_reads_and_can_be_cleared ... ok
test compare_guarded_cheat_codes_track_uxrom_bank_switches ... ok

test result: ok. 6 passed; 0 failed; 0 ignored; 0 measured; 0 filtered out; finished in 0.00s

     Running tests/command_query_contract.rs (target/debug/deps/command_query_contract-bb1f960142303f15)

running 4 tests
test boot_state_is_queryable_without_frontend ... ok
test pause_and_resume_are_core_commands ... ok
test controller_state_and_speed_are_queryable ... ok
test ppu_frame_counter_is_queryable ... ok

test result: ok. 4 passed; 0 failed; 0 ignored; 0 measured; 0 filtered out; finished in 0.01s

     Running tests/cpu_exec_trace.rs (target/debug/deps/cpu_exec_trace-3a1d0b8cb9815a12)

running 18 tests
test beq_not_taken_when_zero_flag_is_clear ... ok
test beq_taken_when_zero_flag_is_set ... ok
test bpl_and_bmi_follow_negative_flag ... ok
test bne_taken_when_zero_flag_is_clear ... ok
test bus_microphase_for_lda_immediate_matches_cycle_reads ... ok
test cpu_executes_lda_tax_inx_sequence ... ok
test irq_service_is_masked_when_interrupt_disable_is_set ... ok
test cpu_executes_ldx_ldy_txa_tya_sequence ... ok
test bus_microphase_for_sta_absolute_matches_fetch_fetch_fetch_write ... ok
test jsr_and_rts_round_trip_through_stack ... ok
test irq_service_vectors_when_interrupts_enabled ... ok
test nestest_style_trace_for_ldx_immediate_matches_expected_prefix ... ok
test nestest_style_trace_for_lda_immediate_matches_expected_prefix ... ok
test sta_absolute_writes_memory_and_emits_prg_write ... ok
test sta_absolute_x_writes_indexed_target ... ok
test nop_advances_pc_and_preserves_registers ... ok
test txs_and_stx_absolute_update_stack_and_memory ... ok
test unknown_opcode_returns_error ... ok

test result: ok. 18 passed; 0 failed; 0 ignored; 0 measured; 0 filtered out; finished in 0.00s

     Running tests/cycle_accuracy.rs (target/debug/deps/cycle_accuracy-cc34080184a007c8)

running 3 tests
test branch_taken_and_page_cross_add_cycles ... ok
test absolute_x_page_cross_adds_cycle_for_reads ... ok
test step_frame_advances_to_next_ppu_frame ... ok

test result: ok. 3 passed; 0 failed; 0 ignored; 0 measured; 0 filtered out; finished in 0.01s

     Running tests/dma_microcycle_timing.rs (target/debug/deps/dma_microcycle_timing-7de10f946f56c75a)

running 4 tests
test dmc_irq_latches_until_disabled_via_status_write ... ok
test oam_dma_copies_page_and_stalls_cpu ... ok
test oam_dma_timing_remains_correct_across_cpu_cycle_wrap ... ok
test dmc_fetches_increase_cpu_cycle_count_via_dma_stalls ... ok

test result: ok. 4 passed; 0 failed; 0 ignored; 0 measured; 0 filtered out; finished in 0.01s

     Running tests/dot_hardware_timing.rs (target/debug/deps/dot_hardware_timing-dc9baa258ec78296)

running 3 tests
test apu_frame_sequencer_ticks_on_hardware_cycle_boundaries ... ok
test ppu_vblank_edges_are_dot_exact ... ok
test step_frame_advances_one_ppu_frame_with_odd_frame_shortening ... ok

test result: ok. 3 passed; 0 failed; 0 ignored; 0 measured; 0 filtered out; finished in 0.02s

     Running tests/framebuffer_contract.rs (target/debug/deps/framebuffer_contract-7f8f9409780599cf)

running 4 tests
test framebuffer_geometry_matches_nes_resolution ... ok
test mid_frame_scroll_write_changes_later_scanline_pixels_only ... ok
test timed_sta_to_ppuscroll_does_not_retroactively_rewrite_earlier_pixels ... ok
test framebuffer_reflects_ppu_background_pattern_data ... ok

test result: ok. 4 passed; 0 failed; 0 ignored; 0 measured; 0 filtered out; finished in 0.01s

     Running tests/havoc.rs (target/debug/deps/havoc-96d7f8096c13ce96)

running 1 test
test havoc_fuzz_cheat_code_parsing ... ignored, havoc target

test result: ok. 0 passed; 0 failed; 1 ignored; 0 measured; 0 filtered out; finished in 0.00s

     Running tests/havoc_bmp.rs (target/debug/deps/havoc_bmp-77c907d151c3d0e0)

running 1 test
test havoc_encode_bmp_panics_on_small_buffer ... ignored, havoc target

test result: ok. 0 passed; 0 failed; 1 ignored; 0 measured; 0 filtered out; finished in 0.00s

     Running tests/irq_line.rs (target/debug/deps/irq_line-8b32599c766020f6)

running 2 tests
test apu_frame_irq_vectors_cpu_when_interrupts_enabled ... ok
test apu_frame_irq_is_masked_while_interrupt_disable_set ... ok

test result: ok. 2 passed; 0 failed; 0 ignored; 0 measured; 0 filtered out; finished in 0.04s

     Running tests/mapper_axrom.rs (target/debug/deps/mapper_axrom-f8280eaed197d87e)

running 4 tests
test axrom_selected_bank_maps_entire_32k_prg_window ... ok
test axrom_short_prg_is_zero_padded_to_full_32k_window ... ok
test axrom_read_prg_masks_address_into_32k_window ... ok
test axrom_write_selects_bank_and_one_screen_mirroring ... ok

test result: ok. 4 passed; 0 failed; 0 ignored; 0 measured; 0 filtered out; finished in 0.00s

     Running tests/mapper_cnrom.rs (target/debug/deps/mapper_cnrom-b53aa4b403740373)

running 6 tests
test cnrom_chr_bank_count_does_not_wrap_at_256_banks ... ok
test cnrom_empty_prg_defaults_to_zero_byte ... ok
test cnrom_prg_mapping_is_fixed_across_chr_bank_switches ... ok
test cnrom_short_chr_input_is_zero_padded ... ok
test cnrom_from_prg_chr_pads_chr_rom ... ok
test cnrom_write_selects_chr_bank_window ... ok

test result: ok. 6 passed; 0 failed; 0 ignored; 0 measured; 0 filtered out; finished in 0.00s

     Running tests/mapper_gxrom.rs (target/debug/deps/mapper_gxrom-ec9b1348f80b7de7)

running 6 tests
test gxrom_read_prg_masks_address_into_32k_window ... ok
test gxrom_selected_prg_bank_maps_entire_32k_window ... ok
test gxrom_bank_counts_do_not_wrap_at_256_banks ... ok
test gxrom_from_prg_chr_pads_unaligned_prg_rom ... ok
test gxrom_short_inputs_are_zero_padded ... ok
test gxrom_write_selects_prg_and_chr_banks ... ok

test result: ok. 6 passed; 0 failed; 0 ignored; 0 measured; 0 filtered out; finished in 0.00s

     Running tests/mapper_mmc1.rs (target/debug/deps/mapper_mmc1-9f02aec207414f7c)

running 1 test
test mmc1_resets_shift_register_on_bit7_write ... ok

test result: ok. 1 passed; 0 failed; 0 ignored; 0 measured; 0 filtered out; finished in 0.00s

     Running tests/mapper_mmc3.rs (target/debug/deps/mapper_mmc3-3a88b30519c561e0)

running 9 tests
test mmc3_chr_inversion_reorders_1k_and_2k_windows ... ok
test mmc3_irq_disabled_and_acknowledged_on_write_to_e000 ... ok
test mmc3_irq_not_triggered_if_rendering_disabled ... ok
test mmc3_irq_not_triggered_on_wrong_dot ... ok
test mmc3_irq_counter_reloads_and_raises_pending_flag ... ok
test mmc3_irq_not_triggered_on_wrong_scanline ... ok
test mmc3_prg_mode_swaps_fixed_and_switchable_windows ... ok
test mmc3_prg_ram_protect_is_ignored ... ok
test mmc3_write_prg_below_8000_is_ignored ... ok

test result: ok. 9 passed; 0 failed; 0 ignored; 0 measured; 0 filtered out; finished in 0.00s

     Running tests/mapper_nrom_uxrom.rs (target/debug/deps/mapper_nrom_uxrom-2c6863c3c7876f50)

running 10 tests
test nrom_from_prg_rom_truncates_large_rom ... ok
test uxrom_boundary_read ... ok
test uxrom_from_prg_rom_counts_banks ... ok
test nrom_reads_from_prg_rom ... ok
test nrom_ignores_bank_switch_writes ... ok
test uxrom_from_prg_rom_empty_is_readable ... ok
test uxrom_from_prg_rom_partial_bank_is_padded ... ok
test uxrom_from_prg_rom_preserves_large_bank_count_without_u8_wrap ... ok
test uxrom_reads_lower_bank_from_selected_and_upper_from_last ... ok
test uxrom_switches_lower_bank_only ... ok

test result: ok. 10 passed; 0 failed; 0 ignored; 0 measured; 0 filtered out; finished in 0.00s

     Running tests/mmio_register_reads.rs (target/debug/deps/mmio_register_reads-52e3ab6436606d2e)

running 12 tests
test oamdata_read_returns_byte_at_oamaddr ... ok
test controller2_port_reads_shift_bits_from_4017 ... ok
test controller_port_reads_shift_bits_when_strobe_low ... ok
test ppudata_reads_are_buffered ... ok
test sprite_overflow_sets_ppustatus_bit ... ok
test sprite_zero_hit_requires_background_rendering_enabled ... ok
test sprite_zero_hit_requires_non_transparent_background_pixel ... ok
test sprite_zero_hit_sets_ppustatus_bit ... ok
test ppu_status_read_clears_vblank_bit ... ok
test ppustatus_write_is_ignored ... ok
test mirrored_ppu_status_read_clears_vblank_bit ... ok
test unofficial_nop_abs_still_performs_read_side_effects ... ok

test result: ok. 12 passed; 0 failed; 0 ignored; 0 measured; 0 filtered out; finished in 0.01s

     Running tests/ppu_nmi.rs (target/debug/deps/ppu_nmi-9cae9d525dabb749)

running 2 tests
test nmi_triggers_when_ppuctrl_nmi_enabled ... ok
test ppu_status_register_reflects_vblank_progression ... ok

test result: ok. 2 passed; 0 failed; 0 ignored; 0 measured; 0 filtered out; finished in 0.01s

     Running tests/proptest_math.rs (target/debug/deps/proptest_math-66dfd777200897c9)

running 2 tests
test test_core_read_memory_fuzz ... ok
test test_cpu_cycles_dont_overflow ... ok

test result: ok. 2 passed; 0 failed; 0 ignored; 0 measured; 0 filtered out; finished in 0.15s

     Running tests/rom_loader.rs (target/debug/deps/rom_loader-5a213026be38b168)

running 16 tests
test invalid_ines_magic_is_rejected ... ok
test axrom_bank_switch_via_cpu_prg_write_changes_entire_prg_window ... ok
test load_axrom_maps_initial_32k_bank_for_boot ... ok
test load_gxrom_maps_initial_32k_bank_for_boot ... ok
test load_mmc1_maps_first_and_last_bank_for_boot ... ok
test load_mmc3_maps_switchable_and_fixed_prg_windows_for_boot ... ok
test load_nes2_nrom32_maps_prg_and_respects_reset_vector ... ok
test load_uxrom_maps_first_and_last_bank_for_boot ... ok
test load_nrom16_maps_prg_and_respects_reset_vector ... ok
test mmc3_bank_switch_via_prg_writes_changes_lower_8k_window ... ok
test mmc1_bank_switch_via_prg_writes_changes_lower_window ... ok
test unsupported_mapper_is_rejected ... ok
test uxrom_bank_switch_via_cpu_prg_write_changes_lower_window ... ok
test mmc3_chr_ram_writes_survive_mapper_register_writes ... ok
test gxrom_bank_switch_via_cpu_prg_write_updates_prg_and_chr_windows ... ok
test cnrom_chr_bank_switch_via_prg_write_changes_background_pixels ... ok

test result: ok. 16 passed; 0 failed; 0 ignored; 0 measured; 0 filtered out; finished in 0.03s

     Running tests/scheduler_determinism.rs (target/debug/deps/scheduler_determinism-45f93831b8327342)

running 3 tests
test identical_command_sequences_yield_identical_state_hash ... ok
test step_scanline_advances_cycles_less_than_frame ... ok
test step_frame_advances_monotonic_cycle_counter ... ok

test result: ok. 3 passed; 0 failed; 0 ignored; 0 measured; 0 filtered out; finished in 0.01s

     Running tests/state_hash_mapper.rs (target/debug/deps/state_hash_mapper-e44eeb31f288f346)

running 2 tests
test state_hash_differentiates_mapper_state ... ok
test state_hash_differentiates_all_mappers ... ok

test result: ok. 2 passed; 0 failed; 0 ignored; 0 measured; 0 filtered out; finished in 0.00s

     Running tests/status_flags.rs (target/debug/deps/status_flags-18da97c413a1a485)

running 1 test
test zero_and_negative_flags_follow_value_written ... ok

test result: ok. 1 passed; 0 failed; 0 ignored; 0 measured; 0 filtered out; finished in 0.00s

     Running tests/step_cpu_core_integration.rs (target/debug/deps/step_cpu_core_integration-63edb89e55baf1ee)

running 2 tests
test step_cpu_surfaces_unknown_opcode_errors ... ok
test step_cpu_executes_instruction_and_tracks_trace ... ok

test result: ok. 2 passed; 0 failed; 0 ignored; 0 measured; 0 filtered out; finished in 0.00s

     Running tests/step_cpu_coverage.rs (target/debug/deps/step_cpu_coverage-73b59143f8c34b48)

running 1 test
test cpu_opcode_coverage ... ok

test result: ok. 1 passed; 0 failed; 0 ignored; 0 measured; 0 filtered out; finished in 0.00s

     Running tests/step_cpu_unofficial.rs (target/debug/deps/step_cpu_unofficial-e99449e6b737c169)

running 1 test
test test_unofficial_instruction_trace_no_alloc ... ok

test result: ok. 1 passed; 0 failed; 0 ignored; 0 measured; 0 filtered out; finished in 0.00s

     Running tests/tas.rs (target/debug/deps/tas-03ee1c47d09ce63e)

running 9 tests
test tas_error_display_describes_player2_macro_limit ... ok
test tas_movie_macro_export_rejects_player2_input ... ok
test tas_movie_exports_legacy_macro_script ... ok
test tas_movie_serde_round_trip_preserves_runs ... ok
test tas_recorder_coalesces_identical_frames_into_runs ... ok
test tas_recorder_macro_script_matches_movie_export ... ok
test tas_recorder_start_stop_and_clear_update_observable_state ... ok
test tas_recorder_can_capture_live_core_state_and_finish_movie ... ok
test tas_movie_replay_matches_direct_command_execution ... ok

test result: ok. 9 passed; 0 failed; 0 ignored; 0 measured; 0 filtered out; finished in 0.11s

     Running benches/frame_throughput.rs (target/debug/deps/frame_throughput-5705dbafe21be1a7)
frame_throughput
├─ sixty_frames_burst
├─ step_cpu_nop
├─ step_frame_cold
├─ step_frame_warm
├─ step_scanline_warm
╰─ no_trace
   ├─ sixty_frames_burst
   ├─ step_cpu_nop
   ╰─ step_frame_warm

     Running unittests src/lib.rs (target/debug/deps/nes_desktop-df81bdc9e1348862)

running 65 tests
test actions::tests::menu_ids_roundtrip_common_actions_and_slots ... ok
test app::tests::key_mapping_supports_both_shift_keys_for_select ... ok
test app::tests::key_bit_mapping_returns_expected_mask ... ok
test args::tests::parse_runtime_args_accepts_all_equals_forms_for_netplay_flags ... ok
test args::tests::parse_runtime_args_accepts_mcp_host_and_bind_flags ... ok
test args::tests::parse_runtime_args_accepts_netplay_flags ... ok
test args::tests::parse_runtime_args_accepts_equals_bind_form ... ok
test args::tests::parse_runtime_args_accepts_repeated_cheat_code_flags ... ok
test args::tests::parse_runtime_args_accepts_rta_flags ... ok
test args::tests::parse_runtime_args_defaults_bind_when_flag_absent ... ok
test args::tests::parse_runtime_args_accepts_auto_player_flag ... ok
test args::tests::parse_runtime_args_rejects_unknown_flags ... ok
test audio::tests::audio_output_clear_forwards_to_sink_and_empties_queue ... ok
test audio::tests::audio_output_queue_and_drop_behave_with_fake_sink ... ok
test audio::tests::rodio_sink_adapter_forwards_append_and_queue_len ... ok
test audio::tests::audio_output_rejects_samples_when_queue_is_full ... ok
test manual_state::tests::portable_stem_for_rom_path_uses_last_segment_for_unix_style_paths ... ok
test args::tests::parse_runtime_args_help_and_validation_paths ... ok
test args::tests::parse_runtime_args_control_flow_branches_do_not_hang ... ok
test manual_state::tests::portable_stem_for_rom_path_uses_last_segment_for_windows_style_paths ... ok
test audio::tests::rodio_sink_adapter_stop_mutes_idle_queue_output ... ok
test manual_state::tests::slot_path_for_rom_includes_slot_number_and_hash_prefix ... ok
test manual_state::tests::slot_paths_for_rom_returns_contiguous_numbered_slots ... ok
test mcp_host::coverage_tests::test_mcp_host_payload_size_limit ... ok
test mcp_host::coverage_tests::test_mcp_host_start ... ok
test manual_state::tests::read_slot_metadata_flags_corrupt_files_without_failing_refresh ... ok
test mcp_host::tests::framed_message_io_round_trips_payload_and_validates_headers ... ok
test mcp_host::tests::handle_tools_call_dispatches_requests_and_wraps_dispatch_output ... ok
test mcp_host::tests::handle_initialize_and_message_routes_cover_core_jsonrpc_paths ... ok
test mcp_host::tests::host_start_fails_on_invalid_bind_address ... ok
test menu::tests::menu_event_ids_map_to_expected_actions ... ok
test menu::tests::native_menu_contains_file_and_emulation_sections ... ok
test menu::tests::native_menu_emulation_section_contains_cheats_entry ... ok
test menu::tests::rollback_disables_open_and_slot_actions ... ok
test menu::tests::rom_picker_capability_matches_platform_contract ... ok
test overlay::tests::add_cheat_modal_collects_input_and_submits_uppercase_code ... ok
test overlay::tests::cheats_panel_navigation_wraps_and_escape_returns_to_main_menu ... ok
test overlay::tests::cheats_panel_supports_toggle_and_remove_shortcuts ... ok
test overlay::tests::draw_overlay_renders_cheats_panel_and_input_modal ... ok
test overlay::tests::draw_overlay_renders_main_panel_selection_and_status_message ... ok
test manual_state::tests::read_slot_metadata_reports_empty_and_saved_slots ... ok
test manual_state::tests::read_slot_metadata_flags_incompatible_rom_hash ... ok
test overlay::tests::draw_text_marks_pixels_inside_target_buffer ... ok
test overlay::tests::main_menu_can_activate_cheats_action ... ok
test overlay::tests::main_menu_navigation_wraps_and_tracks_selected_slot ... ok
test overlay::tests::moving_main_menu_slot_selection_updates_selected_slot ... ok
test rta::tests::compare_rom_hashes_ignores_case_without_allocation ... ok
test rta::tests::artifact_writer_saves_run_json_and_optional_input_log ... ok
test rta::tests::calibration_outputs_draft_profile_and_report ... ok
test rta::tests::profile_parse_rejects_unknown_fields ... ok
test rta::tests::profile_parse_defaults_and_trigger_ops_are_supported ... ok
test rta::tests::rom_hash_is_stable_and_lowercase_hex ... ok
test rta::tests::state_machine_transitions_and_invalidation_keep_timer_running ... ok
test session_cheats::tests::add_normalizes_lowercase_codes ... ok
test session_cheats::tests::clear_removes_all_entries ... ok
test session_cheats::tests::doc_examples_combinations_work_without_panics ... ok
test session_cheats::tests::from_raw_codes_preserves_duplicate_order ... ok
test session_cheats::tests::invalid_codes_are_rejected_before_mutation ... ok
test rta::tests::select_profile_handles_multiple_matches_and_empty_matches ... ok
test rta::tests::select_profile_prefers_override_and_handles_draft_rules ... ok
test session_cheats::tests::missing_indices_report_bounds_errors ... ok
test session_cheats::tests::is_empty_returns_true_for_empty_list ... ok
test session_cheats::tests::session_cheat_error_fmt ... ok
test session_cheats::tests::toggle_and_remove_mutate_expected_entries ... ok
test mcp_host::tests::host_start_and_client_round_trip_cover_bind_addr_drain_and_dispatch ... ok

test result: ok. 65 passed; 0 failed; 0 ignored; 0 measured; 0 filtered out; finished in 0.65s

     Running unittests src/main.rs (target/debug/deps/nes_desktop-a21374aa26c8d692)

running 62 tests
test input::tests::classify_keyboard_input_covers_exit_rewind_rollback_and_core_paths ... ok
test input::tests::classify_keyboard_input_rta_calibrate_conditions ... ok
test input::tests::classify_window_event_maps_window_variants_to_decisions ... ok
test metrics::tests::compute_metrics_snapshot_derives_expected_rates ... ok
test input::tests::evaluate_frame_deadline_classifies_wait_and_step_cases ... ok
test input::tests::map_virtual_keycode_maps_all_keys ... ok
test auto_player::tests::auto_player_injects_inputs ... ok
test metrics::tests::compute_metrics_snapshot_handles_guard_conditions_and_saturating_ppu_delta ... ok
test metrics::tests::frame_signature_matches_reference_and_changes_on_sampled_byte ... ok
[2J[1;1H[2J[1;1H[2J[1;1Htest metrics::tests::perf_metrics_maybe_report_guard_paths_skip_when_disabled_or_under_threshold ... ok
test metrics::tests::perf_metrics_disabled_mode_does_not_mutate_tracking_fields ... ok
[2J[1;1Htest metrics::tests::perf_metrics_maybe_report_resets_window_after_threshold ... ok
test metrics::tests::perf_metrics_on_step_tracks_stalls_and_recovers_on_pc_change ... ok
test netplay::tests::connect_rejects_invalid_player_before_attempting_socket_connect ... ok
test metrics::tests::netplay_metrics_color_thresholds ... ok
test netplay::tests::netplay_helper_functions_choose_local_bits_and_hash_schedule ... ok
test metrics::tests::perf_metrics_render_audio_and_netplay_observation_update_fields ... ok
test netplay::tests::schedule_netplay_ping_enforces_deadline_nonce_and_pending_cap ... ok
test netplay::tests::send_methods_report_channel_disconnect_errors ... ok
test netplay::tests::try_recv_returns_messages_and_prioritizes_error_channel ... ok
test netplay::tests::reader_loop_forwards_messages_and_reports_relay_close ... ok
test session::tests::applying_runtime_cheat_codes_replaces_existing_codes ... ok
test session::tests::format_rom_read_error_handles_not_found ... ok
test session::tests::apply_session_cheats_applies_enabled_codes ... ok
test session::tests::format_rom_read_error_handles_other_errors ... ok
test session::tests::format_slot_status_renders_expected_labels ... ok
test session::tests::load_rom_session_propagates_read_errors ... ok
test session::tests::refresh_slot_metadata_updates_session_slots ... ok
test session::tests::rom_display_name_extracts_stem ... ok
test session::tests::slot_path_for_selection_constructs_expected_path ... ok
test session::tests::window_title_includes_pause_suffix ... ok
test tests::adaptive_delay_reacts_to_rtt_and_jitter ... ok
test tests::adaptive_delay_exact_targets_and_hysteresis_behave_as_expected ... ok
test tests::adaptive_delay_returns_min_when_bounds_are_invalid ... ok
test tests::adaptive_delay_uses_current_when_no_rtt_sample ... ok
test tests::apply_gamepad_delta_commands_updates_controller_bits ... ok
test tests::advance_core_for_host_frame_steps_cpu_budget ... ok
test tests::build_startup_table_creates_expected_table_with_all_options ... ok
test tests::capture_config_helpers_handle_placeholders_and_defaults ... ok
test tests::classify_window_event_maps_window_variants_to_decisions ... ok
test tests::controller_state_delta_emits_press_and_release ... ok
test tests::controller_state_delta_for_player2_uses_player2_commands ... ok
test tests::desktop_loop_helper_primitives_cover_window_scale_and_player_flags ... ok
test tests::gamepad_assignment_helpers_detect_global_and_slot_level_changes ... ok
test tests::format_rom_read_error_handles_not_found_and_other_errors ... ok
test tests::gamepad_sampling_helpers_map_buttons_and_axis_thresholds ... ok
test tests::gamepad_source_helpers_select_connected_ids_without_duplicates ... ok
test tests::map_virtual_keycode_maps_all_supported_keys ... ok
test tests::netplay_runtime_stats_tracks_rtt_jitter_rollbacks_and_desyncs ... ok
test tests::open_rom_menu_action_requires_platform_picker_support ... ok
test tests::overlay_blocks_gameplay_button_commands_while_open ... ok
test tests::overlay_input_requires_redraw_for_navigation_action_and_text_entry_keys ... ok
test tests::reconcile_core_pause_with_overlay_matches_overlay_visibility ... ok
test tests::resync_restored_inputs_reapplies_keyboard_and_resets_gamepad_cache ... ok
test tests::rollback_disables_stateful_menu_actions ... ok
test tests::selected_slot_hotkeys_target_current_slot ... ok
test tests::track_keyboard_bits_for_key_updates_controller_bits_and_ignores_hotkeys ... ok
test tests::sync_native_menu_state_executes_without_panic_in_test_mode ... ok
test tests::update_button_bits_sets_and_clears_masks ... ok
test tests::write_frame_ppm_validates_frame_size_and_writes_output_files ... ok
test netplay::tests::handle_netplay_server_message_updates_stats_and_errors ... ok
test netplay::tests::writer_loop_survives_idle_timeout_and_sends_late_message ... ok

test result: ok. 62 passed; 0 failed; 0 ignored; 0 measured; 0 filtered out; finished in 0.04s

     Running tests/cli_help.rs (target/debug/deps/cli_help-55be4ca60be560ae)

running 1 test
test help_flag_prints_usage_and_default_config_path ... ok

test result: ok. 1 passed; 0 failed; 0 ignored; 0 measured; 0 filtered out; finished in 0.01s

     Running tests/cli_smoke.rs (target/debug/deps/cli_smoke-6e5a906c101785ac)

running 2 tests
test nes_desktop_invalid_rom_permissions_prints_styled_error ... ok
test nes_desktop_missing_rom_prints_styled_error ... ok

test result: ok. 2 passed; 0 failed; 0 ignored; 0 measured; 0 filtered out; finished in 0.01s

     Running tests/havoc.rs (target/debug/deps/havoc-8f27db7bd7194ea5)

running 4 tests
test havoc_fuzz_desktop_args ... ignored, havoc target
test havoc_fuzz_session_cheats ... ignored, havoc target
test havoc_fuzz_session_cheats_multiple ... ignored, havoc target
test havoc_mcp_host_oom_on_massive_content_length ... ignored, havoc target

test result: ok. 0 passed; 0 failed; 4 ignored; 0 measured; 0 filtered out; finished in 0.00s

     Running tests/havoc_desktop_oom.rs (target/debug/deps/havoc_desktop_oom-8c27611435844e09)

running 1 test
test havoc_desktop_load_state_oom ... ignored, Havoc OOM Attack (SIGKILL)

test result: ok. 0 passed; 0 failed; 1 ignored; 0 measured; 0 filtered out; finished in 0.00s

     Running tests/havoc_mcp_oom.rs (target/debug/deps/havoc_mcp_oom-13cc2d8fd5fdbb5d)

running 1 test
test havoc_mcp_content_length_oom ... ok

test result: ok. 1 passed; 0 failed; 0 ignored; 0 measured; 0 filtered out; finished in 0.00s

     Running tests/havoc_oom.rs (target/debug/deps/havoc_oom-b77a8c9a07f89d72)

running 1 test
test havoc_mcp_host_oom ... ok

test result: ok. 1 passed; 0 failed; 0 ignored; 0 measured; 0 filtered out; finished in 0.00s

     Running tests/input_bridge.rs (target/debug/deps/input_bridge-eef444d6e69d4ae0)

running 4 tests
test keyboard_release_maps_to_controller_command ... ok
test keyboard_unknown_key_returns_none ... ok
test keyboard_maps_remaining_supported_keys ... ok
test keyboard_press_maps_to_controller_command ... ok

test result: ok. 4 passed; 0 failed; 0 ignored; 0 measured; 0 filtered out; finished in 0.00s

     Running tests/manual_state.rs (target/debug/deps/manual_state-306a78d0fdc694d1)

running 3 tests
test quicksave_path_uses_sanitized_rom_stem_and_hash_prefix ... ok
test load_state_file_rejects_hash_mismatch ... ok
test save_state_file_round_trips_snapshot_for_loaded_rom ... ok

test result: ok. 3 passed; 0 failed; 0 ignored; 0 measured; 0 filtered out; finished in 0.03s

     Running tests/mcp_host_slowloris.rs (target/debug/deps/mcp_host_slowloris-3c9f85a7dacb5f3d)

running 1 test
test havoc_mcp_slowloris_dos ... ok

test result: ok. 1 passed; 0 failed; 0 ignored; 0 measured; 0 filtered out; finished in 0.00s

     Running unittests src/lib.rs (target/debug/deps/nes_dsl-1cc63aac8a411cd2)

running 25 tests
test tests::addressing_mode_selection_prefers_zeropage_when_possible ... ok
test tests::assembles_labels_branches_and_vectors ... ok
test tests::branch_out_of_range_is_reported_for_symbol_fixup ... ok
test tests::branch_out_of_range_is_reported_for_immediate_target ... ok
test tests::branch_relative_encoding_is_correct_for_in_range_targets ... ok
test tests::decode_string_literal_accepts_byte_boundary_character_ff ... ok
test tests::csv_and_string_literal_helpers_handle_escapes_and_errors ... ok
test tests::dsl_error_display_includes_context ... ok
test tests::const_directive_resolves_symbols_and_rejects_duplicates ... ok
test tests::duplicate_address_allows_same_value_and_rejects_conflict ... ok
test tests::emit_ines_rom_keeps_single_bank_for_upper_bank_program_bytes_only ... ok
test tests::emit_ines_rom_respects_chr_and_mirroring_layout ... ok
test tests::insert_mapped_byte_allows_vector_bytes_that_match_existing_program_data ... ok
test tests::mnemonic_and_mode_helpers_cover_known_values ... ok
test tests::emits_two_prg_banks_when_bank0_is_used ... ok
test tests::parse_expr_reports_unknown_mnemonic_with_one_based_line_numbers ... ok
test tests::opcode_table_reports_supported_mode_pairs ... ok
test tests::parser_helper_functions_enforce_expected_rules ... ok
test tests::rom_build_options_default_uses_8k_chr_bank ... ok
test tests::quoted_string_predicate_requires_both_delimiters ... ok
test tests::strip_comments_handles_string_boundaries_and_trailing_slashes ... ok
test tests::unknown_or_mode_error_uses_mode_name_for_known_mnemonics ... ok
test tests::supports_data_directives_and_literals ... ok
test tests::emitted_rom_boots_in_nes_core ... ok
test tests::emit_ines_rom_rejects_chr_bank_count_over_header_limit ... ok

test result: ok. 25 passed; 0 failed; 0 ignored; 0 measured; 0 filtered out; finished in 0.01s

     Running tests/havoc_dsl.rs (target/debug/deps/havoc_dsl-93753d4b2a83083c)

running 1 test
test havoc_fuzz_dsl ... ignored, havoc target

test result: ok. 0 passed; 0 failed; 1 ignored; 0 measured; 0 filtered out; finished in 0.00s

     Running tests/havoc_dsl_fuzz.rs (target/debug/deps/havoc_dsl_fuzz-e7c8f0eead3273e0)

running 1 test
test havoc_fuzz_assemble ... ok

test result: ok. 1 passed; 0 failed; 0 ignored; 0 measured; 0 filtered out; finished in 4.36s

     Running tests/test_coverage_gap.rs (target/debug/deps/test_coverage_gap-0627b0881923facb)

running 4 tests
test test_handle_byte_directive ... ok
test test_handle_word_directive ... ok
test test_handle_text_directive ... ok
test test_resolve_addressing_mode ... ok

test result: ok. 4 passed; 0 failed; 0 ignored; 0 measured; 0 filtered out; finished in 0.00s

     Running tests/test_coverage_gap2.rs (target/debug/deps/test_coverage_gap2-3dd433bbce9a6e42)

running 1 test
test test_resolve_addressing_mode ... ok

test result: ok. 1 passed; 0 failed; 0 ignored; 0 measured; 0 filtered out; finished in 0.00s

     Running tests/test_instruction_error.rs (target/debug/deps/test_instruction_error-33dc57cfa72d0af9)

running 3 tests
test test_instruction_branch_no_target ... ok
test test_instruction_error ... ok
test test_instruction_mode_error ... ok

test result: ok. 3 passed; 0 failed; 0 ignored; 0 measured; 0 filtered out; finished in 0.00s

     Running tests/test_unknown_directive.rs (target/debug/deps/test_unknown_directive-c9d4c19feea81506)

running 1 test
test test_unknown_directive ... ok

test result: ok. 1 passed; 0 failed; 0 ignored; 0 measured; 0 filtered out; finished in 0.00s

     Running tests/test_unsupported_bank.rs (target/debug/deps/test_unsupported_bank-830dac9a9165731b)

running 1 test
test test_unsupported_bank ... ok

test result: ok. 1 passed; 0 failed; 0 ignored; 0 measured; 0 filtered out; finished in 0.00s

     Running unittests src/lib.rs (target/debug/deps/nes_mcp-7dcd3bb7cbd48ee2)

running 38 tests
test dispatch::tests::encode_base64_matches_known_vectors ... ok
test dispatch::tests::handle_get_ppu_oam_returns_256_bytes ... ok
test dispatch::tests::parse_button_supports_all_button_names ... ok
test dispatch::tests::parse_dsl_rom_options_supports_mirroring_and_chr_hex ... ok
test dispatch::tests::parse_hex_bytes_reports_shape_and_digit_errors ... ok
test dispatch::tests::parse_hex_bytes_supports_mixed_case_whitespace_and_underscores ... ok
test dispatch::tests::parse_player2_maps_player_slot_values ... ok
test dispatch::tests::parse_slot_uses_default_when_omitted ... ok
test dispatch::tests::parse_speed_permille_validates_and_converts_multiplier ... ok
test dispatch::tests::parse_u64_handles_decimal_hex_missing_and_invalid_values ... ok
test macro_engine::tests::test_execute_macro_script_buttons ... ok
test dispatch::tests::sync_outputs_publish_frame_and_audio_sequences ... ok
test macro_engine::tests::test_execute_macro_script_hold_alias_and_lowercase_buttons ... ok
test macro_engine::tests::test_execute_macro_script_invalid_args ... ok
test macro_engine::tests::test_execute_macro_script_invalid_command ... ok
test macro_engine::tests::test_execute_macro_script_missing_arguments ... ok
test macro_engine::tests::test_execute_macro_script_reset_and_directional_buttons ... ok
test macro_engine::tests::test_execute_macro_script_comments_and_whitespace ... ok
test macro_engine::tests::test_execute_macro_script_accepts_trailing_tokens_for_known_commands ... ok
test output::tests::should_calculate_correct_frame_length_for_valid_dimensions ... ok
test output::tests::should_fast_forward_audio_chunk_sequence_when_requested_seq_is_newer ... ok
test output::tests::should_fast_forward_frame_chunk_sequence_when_requested_seq_is_newer ... ok
test output::tests::should_ignore_publish_frame_if_rgba_length_is_invalid ... ok
test macro_engine::tests::test_execute_macro_script_with_progress_callback ... ok
test output::tests::should_resize_memory_when_publishing_audio_with_closure_if_length_differs ... ok
test output::tests::should_resize_memory_when_publishing_frame_with_closure_if_length_differs ... ok
test output::tests::should_return_none_when_expected_frame_len_overflows ... ok
test output::tests::should_reuse_memory_when_publishing_audio_with_closure ... ok
test output::tests::should_increment_audio_seq_and_update_samples_on_publish_audio ... ok
test protocol::tests::dispatch_output_value_maps_variants_to_json ... ok
test output::tests::should_reuse_memory_when_publishing_frame_with_closure ... ok
test protocol::tests::jsonrpc_error_wraps_error_payload ... ok
test protocol::tests::map_tool_arguments_stringifies_supported_json_types ... ok
test protocol::tests::rpc_error_constructors_use_jsonrpc_standard_codes ... ok
test protocol::tests::tool_input_schema_covers_controller_memory_and_dsl_groups ... ok
test protocol::tests::jsonrpc_helper_envelopes_include_version_ids_and_payloads ... ok
test macro_engine::tests::test_execute_macro_script_wait ... ok
test dispatch::havoc_fuzz_tests::havoc_fuzz_hex ... ok

test result: ok. 38 passed; 0 failed; 0 ignored; 0 measured; 0 filtered out; finished in 0.83s

     Running unittests src/main.rs (target/debug/deps/nes_mcp-69d049b19b4ce98f)

running 8 tests
test tests::mcp_error_formatting_and_conversions ... ok
test tests::read_stdio_message_handles_errors ... ok
test tests::rpc_error_helpers_use_jsonrpc_standard_codes ... ok
test tests::initialize_returns_server_capabilities ... ok
test tests::initialized_notification_does_not_emit_response ... ok
test tests::tools_call_reports_dispatch_errors_as_tool_errors ... ok
test tests::handle_message_supports_ping_and_auxiliary_list_methods ... ok
test tests::tools_list_includes_load_rom_with_schema ... ok

test result: ok. 8 passed; 0 failed; 0 ignored; 0 measured; 0 filtered out; finished in 0.00s

     Running unittests src/bin/run_macro.rs (target/debug/deps/run_macro-9c41f44a7c1c1aca)

running 2 tests
test tests::run_reports_missing_rom_file_errors ... ok
test tests::run_reports_missing_script_file_errors ... ok

test result: ok. 2 passed; 0 failed; 0 ignored; 0 measured; 0 filtered out; finished in 0.00s

     Running tests/control_parity.rs (target/debug/deps/control_parity-0dee10c4cba642bc)

running 1 test
test pause_tool_matches_direct_core_command ... ok

test result: ok. 1 passed; 0 failed; 0 ignored; 0 measured; 0 filtered out; finished in 0.00s

     Running tests/dispatch_surface.rs (target/debug/deps/dispatch_surface-151b499187c693c7)

running 18 tests
test assemble_6502_dsl_reports_expected_metadata ... ok
test core_snapshot_size_stays_bounded_for_dispatch_stack_safety ... ok
test controller_tools_support_player2_argument ... ok
test capture_frame_writes_ppm_file ... ok
test export_6502_dsl_rom_writes_ines_file ... ok
test capture_frame_writes_bmp_file ... ok
test get_audio_chunk_reports_expected_sample_count ... ok
test export_6502_dsl_rom_base64_returns_ines_payload ... ok
test get_fps_returns_fps_output_variant ... ok
test get_frame_reports_full_rgba_payload_size ... ok
test load_6502_dsl_builds_and_loads_into_core ... ok
test load_rom_tool_maps_program_into_core_execution_path ... ok
test press_and_release_button_tools_match_direct_commands ... ok
test read_registers_and_memory_tools_reflect_core_state ... ok
test every_catalog_tool_has_dispatch_path ... ok
test get_ppu_frame_counter_reflects_core_progress ... ok
test save_and_load_state_round_trip_restores_state_hash ... ok
test load_rom_tool_supports_uxrom_boot_mapping ... ok

test result: ok. 18 passed; 0 failed; 0 ignored; 0 measured; 0 filtered out; finished in 0.03s

     Running tests/havoc.rs (target/debug/deps/havoc-c9cce5eb4ab01fad)

running 3 tests
test havoc_fuzz_mcp_macro ... ignored, havoc target
test havoc_fuzz_mcp_params ... ignored, havoc target
test havoc_crash_mcp_dos_wait_frames - should panic ... ok

test result: ok. 1 passed; 0 failed; 2 ignored; 0 measured; 0 filtered out; finished in 0.50s

     Running tests/havoc_load_rom_oom.rs (target/debug/deps/havoc_load_rom_oom-25f461412207dbbe)

running 1 test
test havoc_load_rom_oom ... ignored, Havoc OOM Attack (SIGKILL)

test result: ok. 0 passed; 0 failed; 1 ignored; 0 measured; 0 filtered out; finished in 0.00s

     Running tests/havoc_mcp_audio_dos.rs (target/debug/deps/havoc_mcp_audio_dos-d262c01f7d259c6e)

running 1 test
test havoc_test_mutex_poison ... ignored, Havoc Mutex Poison Attack

test result: ok. 0 passed; 0 failed; 1 ignored; 0 measured; 0 filtered out; finished in 0.00s

     Running tests/havoc_mcp_deadlock.rs (target/debug/deps/havoc_mcp_deadlock-4b25fb8fe37bdd63)

running 1 test
test havoc_test_mutex_poison ... ignored, Havoc Mutex Poison Attack

test result: ok. 0 passed; 0 failed; 1 ignored; 0 measured; 0 filtered out; finished in 0.00s

     Running tests/havoc_mcp_output_dos.rs (target/debug/deps/havoc_mcp_output_dos-6b3c9a903e2a2bcf)

running 1 test
test havoc_test_mutex_poison ... ignored, Havoc Mutex Poison Attack

test result: ok. 0 passed; 0 failed; 1 ignored; 0 measured; 0 filtered out; finished in 0.00s

     Running tests/havoc_output.rs (target/debug/deps/havoc_output-ac36843bd4c27f1f)

running 1 test
test havoc_test_poisoned_mutex_on_panic - should panic ... ok

test result: ok. 1 passed; 0 failed; 0 ignored; 0 measured; 0 filtered out; finished in 0.00s

     Running tests/havoc_output_dos.rs (target/debug/deps/havoc_output_dos-335bd4dff2ea1a0c)

running 1 test
test havoc_test_mutex_poison ... ignored, Havoc Mutex Poison Attack

test result: ok. 0 passed; 0 failed; 1 ignored; 0 measured; 0 filtered out; finished in 0.00s

     Running tests/havoc_proptest.rs (target/debug/deps/havoc_proptest-db4ff52bcd4b3f53)

running 1 test
test havoc_test_load_rom_hex_crash ... ok

test result: ok. 1 passed; 0 failed; 0 ignored; 0 measured; 0 filtered out; finished in 0.47s

     Running tests/mcp_havoc_crash.rs (target/debug/deps/mcp_havoc_crash-410181060c0356ff)

running 2 tests
[38;5;14m[1mnes-mcpd[0m

┌──────────────────┬────────────────────┐
│ Property         ┆ Value              │
╞══════════════════╪════════════════════╡
│ Protocol Version ┆ 2025-06-18         │
├╌╌╌╌╌╌╌╌╌╌╌╌╌╌╌╌╌╌┼╌╌╌╌╌╌╌╌╌╌╌╌╌╌╌╌╌╌╌╌┤
│ Tools Loaded     ┆ 31                 │
├╌╌╌╌╌╌╌╌╌╌╌╌╌╌╌╌╌╌┼╌╌╌╌╌╌╌╌╌╌╌╌╌╌╌╌╌╌╌╌┤
│ Status           ┆ Listening on stdio │
└──────────────────┴────────────────────┘

Protocol error: Content-Length 18446744073709551615 exceeds maximum allowed size of 10485760 bytes
test havoc_crash_mcp_daemon_oom ... ok
test havoc_dos_macro_wait_hang - should panic ... ok

test result: ok. 2 passed; 0 failed; 0 ignored; 0 measured; 0 filtered out; finished in 0.50s

     Running tests/output_contract.rs (target/debug/deps/output_contract-dedae988a65e37da)

running 2 tests
test metadata_reports_incrementing_audio_sequence ... ok
test metadata_reports_incrementing_frame_sequence ... ok

test result: ok. 2 passed; 0 failed; 0 ignored; 0 measured; 0 filtered out; finished in 0.00s

     Running tests/run_macro_cli.rs (target/debug/deps/run_macro_cli-64a114f59fa16c45)

running 7 tests
test run_macro_with_invalid_rom_permissions_prints_styled_error ... ok
test run_macro_with_missing_rom_prints_styled_error ... ok
test run_macro_with_help_flag_prints_usage_and_succeeds ... ok
test run_macro_with_empty_script_prints_zero_progress ... ok
test run_macro_with_missing_script_prints_styled_error ... ok
test run_macro_without_required_arguments_prints_usage_and_fails ... ok
test run_macro_with_valid_script_prints_progress ... ok

test result: ok. 7 passed; 0 failed; 0 ignored; 0 measured; 0 filtered out; finished in 0.01s

     Running tests/stdio_mcp_smoke.rs (target/debug/deps/stdio_mcp_smoke-19d2427f6d7039b1)

running 1 test
[38;5;14m[1mnes-mcpd[0m

┌──────────────────┬────────────────────┐
│ Property         ┆ Value              │
╞══════════════════╪════════════════════╡
│ Protocol Version ┆ 2025-06-18         │
├╌╌╌╌╌╌╌╌╌╌╌╌╌╌╌╌╌╌┼╌╌╌╌╌╌╌╌╌╌╌╌╌╌╌╌╌╌╌╌┤
│ Tools Loaded     ┆ 31                 │
├╌╌╌╌╌╌╌╌╌╌╌╌╌╌╌╌╌╌┼╌╌╌╌╌╌╌╌╌╌╌╌╌╌╌╌╌╌╌╌┤
│ Status           ┆ Listening on stdio │
└──────────────────┴────────────────────┘
test daemon_stdio_round_trip_supports_initialize_and_tools ... ok

test result: ok. 1 passed; 0 failed; 0 ignored; 0 measured; 0 filtered out; finished in 0.01s

     Running tests/stdio_mcp_tests.rs (target/debug/deps/stdio_mcp_tests-9c30f48fb689c2ec)

running 3 tests
[[38;5;14m38;[5;141mm[nes-mcpd1[0mm

nes-mcpd[0m

┌──────────────────┬────────────────────┐
│ Property         ┆ Value              │
╞══════════════════╪════════════════════╡
│ Protocol Version ┆ 2025-06-18         │
├╌╌╌╌╌╌╌╌╌╌╌╌╌╌╌╌╌╌┼╌╌╌╌╌╌╌╌╌╌╌╌╌╌╌╌╌╌╌╌┤
│ Tools Loaded     ┆ 31                 │
├╌╌╌╌╌╌╌╌╌╌╌╌╌╌╌╌╌╌┼╌╌╌╌╌╌╌╌╌╌╌╌╌╌╌╌╌╌╌╌┤
│ Status           ┆ Listening on stdio │
└──────────────────┴────────────────────┘┌──────────────────┬────────────────────┐
│ Property         ┆ Value              │
╞══════════════════╪════════════════════╡
│ Protocol Version ┆ 2025-06-18         │
├╌╌╌╌╌╌╌╌╌╌╌╌╌╌╌╌╌╌┼╌╌╌╌╌╌╌╌╌╌╌╌╌╌╌╌╌╌╌╌┤
│ Tools Loaded     ┆ 31                 │
├╌╌╌╌╌╌╌╌╌╌╌╌╌╌╌╌╌╌┼╌╌╌╌╌╌╌╌╌╌╌╌╌╌╌╌╌╌╌╌┤
│ Status           ┆ Listening on stdio │
└──────────────────┴────────────────────┘

test test_stdio_mcp_valid_arguments ... ok
test test_stdio_mcp_invalid_arguments_type ... ok
test test_stdio_mcp_payload_size_limit ... ok

test result: ok. 3 passed; 0 failed; 0 ignored; 0 measured; 0 filtered out; finished in 0.02s

     Running tests/step_cpu_parity.rs (target/debug/deps/step_cpu_parity-1fae99b276cb6526)

running 1 test
test step_cpu_tool_matches_direct_core_execution ... ok

test result: ok. 1 passed; 0 failed; 0 ignored; 0 measured; 0 filtered out; finished in 0.00s

     Running tests/tool_catalog.rs (target/debug/deps/tool_catalog-07ac77e227d377aa)

running 1 test
test catalog_contains_required_user_facing_tools ... ok

test result: ok. 1 passed; 0 failed; 0 ignored; 0 measured; 0 filtered out; finished in 0.00s

     Running unittests src/lib.rs (target/debug/deps/nes_netplay-018cf5f98f60829c)

running 14 tests
test rollback::tests::rollback_engine_allows_input_delay_equal_to_rollback_window ... ok
test protocol::tests::protocol_messages_round_trip_json ... ok
test rollback::tests::rollback_engine_can_update_input_delay_within_window ... ok
test rollback::tests::rollback_engine_exposes_initial_config_and_state ... ok
test rollback::tests::rollback_engine_clears_from_frame_on_rollback ... ok
test rollback::tests::rollback_engine_frame_hash_and_resolved_inputs_are_queryable ... ok
test rollback::tests::rollback_engine_hash_comparison_reports_match_and_mismatch ... ok
test rollback::tests::rollback_engine_applies_local_player_two_mapping ... ok
test rollback::tests::rollback_engine_allows_rollback_exactly_at_configured_window ... ok
test rollback::tests::rollback_engine_schedule_local_input_applies_delay_to_target_frame ... ok
test rollback::tests::rollback_engine_rejects_rollback_beyond_configured_window ... ok
test rollback::tests::rollback_error_display_messages_include_context ... ok
test rollback::tests::rollback_engine_prunes_old_hashes_after_advance ... ok
test rollback::tests::rollback_engine_predicts_and_repairs_remote_input ... ok

test result: ok. 14 passed; 0 failed; 0 ignored; 0 measured; 0 filtered out; finished in 0.11s

     Running unittests src/lib.rs (target/debug/deps/nes_proof-a027798177641225)

running 0 tests

test result: ok. 0 passed; 0 failed; 0 ignored; 0 measured; 0 filtered out; finished in 0.00s

     Running unittests src/lib.rs (target/debug/deps/nes_relay-5ca0a977edcb993d)

running 9 tests
test config::tests::should_parse_default_args ... ok
test config::tests::should_parse_latency_arg ... ok
test config::tests::should_parse_bind_arg ... ok
test config::tests::should_parse_jitter_arg ... ok
test config::tests::should_parse_reorder_pct_arg ... ok
test config::tests::should_parse_loss_pct_arg ... ok
test config::tests::should_return_error_for_missing_value ... ok
test config::tests::should_return_error_for_unknown_arg ... ok
test config::tests::should_return_help_error ... ok

test result: ok. 9 passed; 0 failed; 0 ignored; 0 measured; 0 filtered out; finished in 0.00s

     Running unittests src/main.rs (target/debug/deps/nes_relay-723d41b3ed857bd4)

running 27 tests
test tests::cleanup_client_notifies_peers_and_removes_empty_rooms ... ok
test tests::build_startup_table_includes_all_parameters ... ok
test tests::handle_client_rejects_invalid_player_slot ... ok
test tests::handle_client_join_reports_peer_presence ... ok
test tests::handle_client_rejects_non_join_first_message ... ok
test tests::havoc_test_sample_delay_ms_does_not_panic_with_extreme_values ... ok
test tests::parse_args_accepts_100_percent_values ... ok
test tests::parse_args_help_flags_return_usage_text ... ok
test tests::parse_args_mixed_equals_and_split_flags_progress_index_correctly ... ok
test tests::parse_args_rejects_empty_equals_flag_values ... ok
test tests::parse_args_rejects_invalid_numbers_and_unknown_flags ... ok
test tests::parse_args_rejects_missing_split_flag_values ... ok
test tests::parse_args_supports_equals_fault_flags ... ok
test tests::parse_args_supports_split_fault_flags ... ok
test tests::read_client_message_parses_and_detects_eof_and_errors ... ok
test tests::relay_net_sim_drop_logic_honors_loss_percent_extremes ... ok
test tests::havoc_test_parse_args_proptest ... ok
test tests::relay_net_sim_next_u64_is_deterministic_from_zero_seed ... ok
test tests::relay_net_sim_percent_hit_obeys_threshold_boundary ... ok
test tests::relay_net_sim_sample_delay_with_negative_jitter_clamps_to_zero ... ok
test tests::relay_net_sim_sample_delay_with_reorder_adds_extra_delay ... ok
test tests::relay_net_sim_sample_delay_with_zero_jitter_uses_reorder_rng_without_extra_draw ... ok
test tests::seed_entropy_varies_and_mixes_bits_with_pid_component ... ignored, havoc target
test tests::relay_net_sim_sample_delay_without_jitter_or_reorder_is_base_latency ... ok
test tests::forward_to_room_peers_sends_only_to_other_players ... ok
test tests::test_sample_delay_ms_does_not_panic ... ok
test tests::forward_to_room_peers_applies_drop_and_delay_rules ... ok

test result: ok. 26 passed; 0 failed; 1 ignored; 0 measured; 0 filtered out; finished in 0.03s

     Running tests/cli_smoke.rs (target/debug/deps/cli_smoke-3d1c376c27b8621e)

running 1 test
test help_flag_prints_usage_to_stderr_and_exits_nonzero ... ok

test result: ok. 1 passed; 0 failed; 0 ignored; 0 measured; 0 filtered out; finished in 0.00s

     Running tests/havoc.rs (target/debug/deps/havoc-5f391f343573d34b)

running 2 tests
test havoc_test_parse_args_overflow ... ignored, Havoc Proptest Overflow Attack
test havoc_test_read_client_message_dos ... ignored, Havoc DoS Attack

test result: ok. 0 passed; 0 failed; 2 ignored; 0 measured; 0 filtered out; finished in 0.00s

     Running tests/havoc_loom_deadlock.rs (target/debug/deps/havoc_loom_deadlock-1ac86816e8d30908)

running 1 test
test havoc_test_loom_cleanup_client_deadlock ... ok

test result: ok. 1 passed; 0 failed; 0 ignored; 0 measured; 0 filtered out; finished in 0.00s

     Running tests/loom_test.rs (target/debug/deps/loom_test-8cca7eee6d4184fc)

running 1 test
test havoc_test_loom_cleanup_client_deadlock ... ok

test result: ok. 1 passed; 0 failed; 0 ignored; 0 measured; 0 filtered out; finished in 0.00s

     Running unittests src/lib.rs (target/debug/deps/nes_rewind-7ad5f81c96293bb3)

running 40 tests
test cursor::tests::test_rewind_speed_lookahead_depth ... ok
test cursor::tests::test_rewind_speed_frame_skip ... ok
test delta::tests::adjacent_changes_merged ... ok
test cursor::tests::test_rewind_cursor_pop_frame ... ok
test delta::tests::cpu_register_change_detected ... ok
test delta::tests::empty_arrays_produce_no_deltas ... ok
test delta::tests::field_delta_apply_restores_changes ... ok
test delta::tests::frame_delta_frame_id_is_after_frame_counter ... ok
test delta::tests::frame_delta_roundtrip ... ok
test delta::tests::identical_arrays_produce_no_deltas ... ok
test delta::tests::identical_snapshots_all_none ... ok
test delta::tests::identical_snapshots_zero_compressed_size ... ok
test delta::tests::large_array_roundtrip_2kb ... ok
test delta::tests::non_adjacent_changes_separate_runs ... ok
test delta::tests::palette_change_tracked_in_frame_delta ... ok
test delta::tests::ppu_ctrl_change_detected ... ok
test delta::tests::chr_ram_writes_preserve_mapper_backing_without_register_change ... ok
test delta::tests::ppu_scroll_change_detected ... ok
test delta::tests::palette_delta_roundtrip ... ok
test delta::tests::ppu_timing_change_detected ... ok
test delta::tests::roundtrip_diff_then_apply ... ok
test delta::tests::single_byte_change ... ok
test policy::tests::forces_keyframe_at_base_interval ... ok
test policy::tests::moderate_delta_does_not_false_positive ... ok
test delta::tests::ppu_scroll_delta_apply_restores_scroll ... ok
test policy::tests::resets_counter_after_promotion ... ok
test policy::tests::spike_triggers_early_promotion ... ok
test timeline::tests::empty_timeline_returns_none ... ok
test timeline::tests::first_push_is_keyframe_and_reconstructs ... ok
test timeline::tests::reconstruct_unknown_frame_returns_none ... ok
test timeline::tests::push_prunes_when_over_capacity ... ok
test delta::tests::mapper_irq_state_roundtrip_requires_mapper_delta ... ok
test timeline::tests::reconstruct_after_step_frame_restores_earlier_state ... ok
test worker::tests::record_frame_does_nothing_when_not_recording ... ok
test worker::tests::resume_after_rewind_puts_machine_back_in_recording_state ... ok
test worker::tests::rewind_faster_accelerates_speed_and_clamps ... ok
test worker::tests::rewind_returns_none_when_no_history ... ok
test worker::tests::rewind_exhausted_state_on_timeout ... ok
test worker::tests::history_seconds_returns_expected_value ... ok
test worker::tests::record_and_rewind_restores_earlier_frame ... ok

test result: ok. 40 passed; 0 failed; 0 ignored; 0 measured; 0 filtered out; finished in 0.61s

     Running tests/havoc_apply_deltas.rs (target/debug/deps/havoc_apply_deltas-1258b14b3f2ff1a8)

running 1 test
test havoc_fuzz_apply_deltas ... ignored, havoc target

test result: ok. 0 passed; 0 failed; 1 ignored; 0 measured; 0 filtered out; finished in 0.00s

     Running unittests src/lib.rs (target/debug/deps/nes_test_harness-033c591c302fd099)

running 22 tests
test homebrew::tests::default_homebrew_rom_path_ends_with_homebrew_nes ... ok
test homebrew::tests::homebrew_rom_has_expected_ines_geometry ... ok
test homebrew::tests::build_homebrew_rom_includes_custom_chr_rom_tile ... ok
test rom_paths::tests::config_loads_without_panic ... ignored, requires nes.toml or defaults to panic if absent in pure CI
test rom_paths::tests::cover_rom_path_helpers ... ignored, purely to verify panics locally for coverage without crashing pure CI
test rom_paths::tests::ensure_dir_exists_panics_on_empty - should panic ... ok
test rom_paths::tests::ensure_dir_exists_panics_on_file - should panic ... ok
test rom_paths::tests::ensure_dir_exists_panics_on_missing - should panic ... ok
test rom_paths::tests::ensure_path_exists_panics_on_empty - should panic ... ok
test rom_paths::tests::ensure_path_exists_panics_on_missing - should panic ... ok
test tests::audio_stats_reports_expected_geometry ... ok
test tests::collect_apu_register_writes_ignores_non_apu_writes ... ok
test tests::collect_apu_register_writes_tracks_apu_bus_stores ... ok
test tests::detect_mapper_id_reads_ines_header ... ok
test tests::collect_apu_register_writes_ignores_reads ... ok
test tests::compare_waveforms_reports_high_similarity_for_near_identical_streams ... ok
test tests::mapper_supported_by_core_matches_core_surface ... ok
test homebrew::tests::write_homebrew_rom_creates_file_and_parent_directories ... ok
test tests::rms_envelope_respects_windowing ... ok
test tests::pearson_correlation_is_one_for_identical_sequences ... ok
test tests::pcm_round_trip_preserves_samples ... ok
test tests::waveform_hash_is_stable_for_known_input ... ok

test result: ok. 20 passed; 0 failed; 2 ignored; 0 measured; 0 filtered out; finished in 0.00s

     Running unittests src/bin/bbbradsmith_golden_capture.rs (target/debug/deps/bbbradsmith_golden_capture-9d1ea4ad68b0b40a)

running 6 tests
test tests::format_skipped_existing_row_returns_correct_data ... ok
test tests::format_written_row_returns_correct_data ... ok
test tests::build_summary_table_includes_all_columns ... ok
test tests::load_config_returns_default_when_no_path_provided ... ok
test tests::format_skipped_mapper_row_returns_correct_data ... ok
test tests::print_processing_progress_writes_to_stdout_with_ansi ... ok

test result: ok. 6 passed; 0 failed; 0 ignored; 0 measured; 0 filtered out; finished in 0.00s

     Running unittests src/bin/build_homebrew_rom.rs (target/debug/deps/build_homebrew_rom-ce2600c4f51334ff)

running 1 test
test tests::build_success_table_includes_path_and_success_status ... ok

test result: ok. 1 passed; 0 failed; 0 ignored; 0 measured; 0 filtered out; finished in 0.00s

     Running tests/bbbradsmith_golden_capture_cli.rs (target/debug/deps/bbbradsmith_golden_capture_cli-8bacb0356a04653e)

running 1 test
test golden_capture_with_help_flag_prints_usage_and_succeeds ... ok

test result: ok. 1 passed; 0 failed; 0 ignored; 0 measured; 0 filtered out; finished in 0.01s

     Running tests/netplay_rollback.rs (target/debug/deps/netplay_rollback-b578e87c57402700)

running 1 test
test rollback_two_peer_soak_converges_under_faulty_network ... ok

test result: ok. 1 passed; 0 failed; 0 ignored; 0 measured; 0 filtered out; finished in 35.41s

     Running tests/replay_determinism.rs (target/debug/deps/replay_determinism-56f535ce96d9337c)

running 1 test
test recorded_command_log_replays_to_identical_state_hash ... ok

test result: ok. 1 passed; 0 failed; 0 ignored; 0 measured; 0 filtered out; finished in 0.01s

     Running tests/rom_bbbradsmith_audio.rs (target/debug/deps/rom_bbbradsmith_audio-1827cb1cd8e4252e)

running 3 tests
test bbbradsmith_audio_suite_audio_windows_are_deterministic_and_well_formed ... ignored, requires roms.bbbradsmith_audio_suite_dir in nes.toml
test bbbradsmith_audio_suite_matches_golden_pcm_tolerances ... ignored, requires roms.bbbradsmith_audio_suite_dir and roms.bbbradsmith_audio_golden_dir in nes.toml
test bbbradsmith_audio_suite_write_trace_is_deterministic_per_rom ... ignored, requires roms.bbbradsmith_audio_suite_dir in nes.toml

test result: ok. 0 passed; 0 failed; 3 ignored; 0 measured; 0 filtered out; finished in 0.00s

     Running tests/rom_blargg_cpu.rs (target/debug/deps/rom_blargg_cpu-b4c985aec28ea519)

running 1 test
test blargg_cpu_rom_reports_pass ... ignored, requires roms.blargg_cpu in nes.toml

test result: ok. 0 passed; 0 failed; 1 ignored; 0 measured; 0 filtered out; finished in 0.00s

     Running tests/rom_homebrew.rs (target/debug/deps/rom_homebrew-21d6f44d77f74b5f)

running 1 test
test generated_homebrew_rom_boots_and_moves_sprite ... ok

test result: ok. 1 passed; 0 failed; 0 ignored; 0 measured; 0 filtered out; finished in 0.53s

     Running tests/rom_nestest.rs (target/debug/deps/rom_nestest-a9d3ec12915836c6)

running 2 tests
test nestest_boot_sequence_matches_expected_prefix ... ignored, requires roms.nestest in nes.toml
test nestest_runs_instruction_window_without_unknown_opcode ... ignored, requires roms.nestest in nes.toml

test result: ok. 0 passed; 0 failed; 2 ignored; 0 measured; 0 filtered out; finished in 0.00s

     Running tests/rom_smb.rs (target/debug/deps/rom_smb-05ffee880e618de8)

running 9 tests
test smb_boot_frames_use_nes_palette_bounds_and_stable_delta ... ignored, requires roms.smb or desktop.rom_path in nes.toml
test smb_boot_window_runs_without_unknown_opcode ... ignored, requires roms.smb or desktop.rom_path in nes.toml
test smb_does_not_stall_in_sprite_zero_wait_loop ... ignored, requires roms.smb or desktop.rom_path in nes.toml
test smb_rom_loads_and_exposes_reset_vector ... ignored, requires roms.smb or desktop.rom_path in nes.toml
test smb_run_and_jump_audio_chunks_stay_live ... ignored, requires roms.smb or desktop.rom_path in nes.toml
test smb_run_and_jump_keeps_progressing ... ignored, requires roms.smb or desktop.rom_path in nes.toml
test smb_run_and_jump_keeps_progressing_under_cpu_budget_loop ... ignored, requires roms.smb or desktop.rom_path in nes.toml
test smb_start_and_move_right_keeps_video_progressing ... ignored, requires roms.smb or desktop.rom_path in nes.toml
test smb_start_input_changes_execution_trajectory ... ignored, requires roms.smb or desktop.rom_path in nes.toml

test result: ok. 0 passed; 0 failed; 9 ignored; 0 measured; 0 filtered out; finished in 0.00s

     Running unittests src/lib.rs (target/debug/deps/nes_tui-340dee9e46591cce)

running 22 tests
test render::tests::average_region_rgb_uses_independent_rgb_channels ... ok
test render::tests::bucket_bounds_handles_zero_bucket_or_source_lengths ... ok
test render::tests::downsample_height_one_samples_vertical_center_row ... ok
test render::tests::bucket_bounds_scales_evenly_for_regular_partitions ... ok
test render::tests::downsample_returns_empty_when_target_dimensions_are_zero ... ok
test render::tests::downsample_returns_empty_for_invalid_frame_length ... ok
test render::tests::downsample_uses_nearest_pixel_mapping ... ok
test render::tests::frame_lines_match_row_count ... ok
test render::tests::downsample_width_one_samples_horizontal_center_column ... ok
test render::tests::half_block_lines_return_empty_for_invalid_input_guards ... ok
test render::tests::map_index_returns_zero_for_degenerate_lengths ... ok
test render::tests::downsample_returns_expected_cell_count ... ok
test render::tests::mini_palette_spans_returns_empty_for_invalid_inputs ... ok
test render::tests::mini_palette_spans_samples_expected_pixels ... ok
test render::tests::quarter_block_glyph_maps_all_masks_to_expected_symbols ... ok
test render::tests::mini_palette_spans_supports_single_swatch_without_panicking ... ok
test render::tests::quarter_block_lines_return_empty_for_invalid_input_guards ... ok
test render::tests::quarter_block_preserves_top_bottom_split ... ok
test render::tests::rgb_error_sq_matches_expected_distance ... ok
test render::tests::quarter_block_lines_match_requested_height ... ok
test render::tests::half_block_lines_match_requested_height ... ok
test render::tests::half_block_renderer_uses_area_average_for_downsampling ... ok

test result: ok. 22 passed; 0 failed; 0 ignored; 0 measured; 0 filtered out; finished in 0.01s

     Running unittests src/main.rs (target/debug/deps/nes_tui-3ff82899d1f7f447)

running 52 tests
test tests::crossterm_event_source_forwards_poll_and_read_results ... ok
test tests::crossterm_event_source_wraps_poll_and_read_errors ... ok
test tests::drain_protocol_results_returns_false_when_channel_is_empty ... ok
test tests::drain_protocol_results_returns_true_when_worker_channel_disconnects ... ok
test tests::evaluate_frame_tick_covers_wait_and_step_paths ... ok
test tests::drain_protocol_results_applies_state_and_clears_pending_resize ... ok
test tests::fit_nes_viewport_aspect_fits_when_too_small_for_integer_scale ... ok
test tests::fit_nes_viewport_does_not_use_integer_scale_when_only_one_axis_fits_source ... ok
test tests::fit_nes_viewport_returns_none_when_height_is_zero ... ok
test tests::fit_nes_viewport_returns_none_when_width_is_zero ... ok
test tests::fit_nes_viewport_uses_height_limited_aspect_fit_when_area_is_wide_and_short ... ok
test tests::fit_nes_viewport_uses_integer_scale_when_room_allows ... ok
test tests::fit_nes_viewport_uses_width_limited_integer_scale_when_height_has_extra_room ... ok
test tests::format_rom_read_error_handles_not_found_and_other_errors ... ok
test tests::frame_rgba_to_image_preserves_dimensions_and_first_pixel ... ok
test tests::handle_runtime_key_event_applies_controller_mapping_for_press_and_release ... ok
test tests::handle_runtime_key_event_recognizes_quit_inputs ... ok
test tests::handle_runtime_key_event_resets_only_for_pressed_r ... ok
test tests::handle_runtime_key_event_toggles_hud_only_for_pressed_i ... ok
test tests::handle_runtime_key_event_toggles_pause_only_for_pressed_p ... ok
test tests::key_is_pressed_only_for_press_or_repeat ... ok
test tests::key_pressed_state_maps_press_repeat_and_release ... ok
test tests::draw_frame_renders_video_glyphs_when_hud_is_hidden ... ok
test tests::event_loop_processes_frame_then_exits_on_scripted_quit_event ... ok
test tests::draw_frame_hud_path_contains_header_controls_and_expected_avg_band ... ok
test tests::parse_tui_args_allows_hud_opt_in ... ok
test tests::parse_tui_args_defaults_to_high_res_mode ... ok
test tests::parse_tui_args_help_flags_return_usage_message ... ok
test tests::parse_tui_args_high_res_can_disable_hud_after_enabling_it ... ok
test tests::parse_tui_args_rejects_unknown_flag ... ok
test tests::protocol_frame_does_not_refresh_before_interval_elapsed ... ok
test tests::protocol_frame_interval_matches_target_fps ... ok
test tests::protocol_frame_refreshes_once_interval_elapsed ... ok
test tests::protocol_frame_refreshes_when_no_prior_timestamp ... ok
test tests::protocol_image_widget_uses_scale_mode ... ok
test tests::protocol_state_replace_happens_when_area_needs_resize ... ok
test tests::protocol_state_replace_happens_without_existing_state ... ok
test tests::protocol_state_replace_skips_when_pending_resize_is_active ... ok
test tests::protocol_state_replace_stays_false_when_interval_has_not_elapsed ... ok
test tests::protocol_state_replace_stays_false_when_paused_even_if_refresh_due ... ok
test tests::refresh_runtime_fps_updates_only_after_sampling_interval ... ok
test tests::should_quit_only_for_pressed_escape_or_q ... ok
test tests::system_loop_timer_forwards_now_and_sleep_handlers ... ok
test tests::target_frame_time_defaults_to_60_fps ... ok
test tests::usage_line_matches_cli_contract ... ok
test tests::usage_message_includes_usage_line_and_default_path ... ok
test tests::video_backend_label_describes_halfblock_renderer ... ok
test tests::video_backend_selection_falls_back_for_halfblocks ... ok
test tests::video_backend_selection_uses_protocol_for_non_halfblock ... ok
test tests::maybe_step_runtime_frame_respects_paused_state_and_counts ... ok
test tests::make_protocol_state_reuses_protocol_variant_from_previous_state ... ok
test tests::make_protocol_state_preserves_prior_background_when_reusing_protocol_type ... ok

test result: ok. 52 passed; 0 failed; 0 ignored; 0 measured; 0 filtered out; finished in 0.05s

     Running tests/cli_help.rs (target/debug/deps/cli_help-bec66ebcd764d717)

running 1 test
test help_flag_prints_usage_and_default_config_path ... ok

test result: ok. 1 passed; 0 failed; 0 ignored; 0 measured; 0 filtered out; finished in 0.00s

     Running tests/input_bridge.rs (target/debug/deps/input_bridge-dc08aef95fc1cc10)

running 3 tests
test keyboard_maps_remaining_controller_keys ... ok
test keyboard_press_maps_to_controller_command ... ok
test keyboard_release_maps_to_controller_command ... ok

test result: ok. 3 passed; 0 failed; 0 ignored; 0 measured; 0 filtered out; finished in 0.00s

     Running unittests src/lib.rs (target/debug/deps/nes_web-8c40953eb5b2839c)

running 0 tests

test result: ok. 0 passed; 0 failed; 0 ignored; 0 measured; 0 filtered out; finished in 0.00s

     Running tests/runtime_contract.rs (target/debug/deps/runtime_contract-a7eaa36a466ee37d)

running 4 tests
test execute_commands_propagate_properly ... ok
test runtime_rejects_invalid_rom_and_unknown_button_names ... ok
test runtime_reports_expected_geometry_and_audio_constants ... ok
test runtime_commands_mutate_observable_state ... ok

test result: ok. 4 passed; 0 failed; 0 ignored; 0 measured; 0 filtered out; finished in 0.01s

     Running tests/wasm_bindgen_facade.rs (target/debug/deps/wasm_bindgen_facade-5e90b514dd5df4f1)

running 3 tests
test wasm_bindgen_facade_pause_resume ... ok
test wasm_bindgen_facade_refresh_frame_rgba_updates_ptr_buffer ... ok
test wasm_bindgen_facade_loads_rom_and_reads_buffers ... ok

test result: ok. 3 passed; 0 failed; 0 ignored; 0 measured; 0 filtered out; finished in 0.03s

     Running tests/web_bridge.rs (target/debug/deps/web_bridge-6f3f2b74fe915a55)

running 6 tests
test bridge_command_tool_name_returns_unsupported ... ok
test release_button_command_maps_to_tool_name ... ok
test dom_key_maps_to_press_button_command ... ok
test dom_key_maps_all_supported_keys ... ok
test runtime_dispatch_dom_key_updates_controller_state ... ok
test runtime_loads_minimal_rom_and_produces_video_audio_buffers ... ok

test result: ok. 6 passed; 0 failed; 0 ignored; 0 measured; 0 filtered out; finished in 0.07s
